Archive member included to satisfy reference by file (symbol)

c:/ac6/systemworkbench/plugins/fr.ac6.mcu.externaltools.arm-none.win32_1.15.0.201708311556/tools/compiler/bin/../lib/gcc/arm-none-eabi/6.3.1/../../../../arm-none-eabi/lib/thumb/v7-m\libc.a(lib_a-errno.o)
                              src/syscalls.o (__errno)
c:/ac6/systemworkbench/plugins/fr.ac6.mcu.externaltools.arm-none.win32_1.15.0.201708311556/tools/compiler/bin/../lib/gcc/arm-none-eabi/6.3.1/../../../../arm-none-eabi/lib/thumb/v7-m\libc.a(lib_a-exit.o)
                              c:/ac6/systemworkbench/plugins/fr.ac6.mcu.externaltools.arm-none.win32_1.15.0.201708311556/tools/compiler/bin/../lib/gcc/arm-none-eabi/6.3.1/../../../../arm-none-eabi/lib/thumb/v7-m/crt0.o (exit)
c:/ac6/systemworkbench/plugins/fr.ac6.mcu.externaltools.arm-none.win32_1.15.0.201708311556/tools/compiler/bin/../lib/gcc/arm-none-eabi/6.3.1/../../../../arm-none-eabi/lib/thumb/v7-m\libc.a(lib_a-impure.o)
                              c:/ac6/systemworkbench/plugins/fr.ac6.mcu.externaltools.arm-none.win32_1.15.0.201708311556/tools/compiler/bin/../lib/gcc/arm-none-eabi/6.3.1/../../../../arm-none-eabi/lib/thumb/v7-m\libc.a(lib_a-exit.o) (_global_impure_ptr)
c:/ac6/systemworkbench/plugins/fr.ac6.mcu.externaltools.arm-none.win32_1.15.0.201708311556/tools/compiler/bin/../lib/gcc/arm-none-eabi/6.3.1/../../../../arm-none-eabi/lib/thumb/v7-m\libc.a(lib_a-init.o)
                              c:/ac6/systemworkbench/plugins/fr.ac6.mcu.externaltools.arm-none.win32_1.15.0.201708311556/tools/compiler/bin/../lib/gcc/arm-none-eabi/6.3.1/../../../../arm-none-eabi/lib/thumb/v7-m/crt0.o (__libc_init_array)
c:/ac6/systemworkbench/plugins/fr.ac6.mcu.externaltools.arm-none.win32_1.15.0.201708311556/tools/compiler/bin/../lib/gcc/arm-none-eabi/6.3.1/../../../../arm-none-eabi/lib/thumb/v7-m\libc.a(lib_a-memset.o)
                              c:/ac6/systemworkbench/plugins/fr.ac6.mcu.externaltools.arm-none.win32_1.15.0.201708311556/tools/compiler/bin/../lib/gcc/arm-none-eabi/6.3.1/../../../../arm-none-eabi/lib/thumb/v7-m/crt0.o (memset)
c:/ac6/systemworkbench/plugins/fr.ac6.mcu.externaltools.arm-none.win32_1.15.0.201708311556/tools/compiler/bin/../lib/gcc/arm-none-eabi/6.3.1/../../../../arm-none-eabi/lib/thumb/v7-m\libc.a(lib_a-__call_atexit.o)
                              c:/ac6/systemworkbench/plugins/fr.ac6.mcu.externaltools.arm-none.win32_1.15.0.201708311556/tools/compiler/bin/../lib/gcc/arm-none-eabi/6.3.1/../../../../arm-none-eabi/lib/thumb/v7-m\libc.a(lib_a-exit.o) (__call_exitprocs)
c:/ac6/systemworkbench/plugins/fr.ac6.mcu.externaltools.arm-none.win32_1.15.0.201708311556/tools/compiler/bin/../lib/gcc/arm-none-eabi/6.3.1/../../../../arm-none-eabi/lib/thumb/v7-m\libc.a(lib_a-atexit.o)
                              c:/ac6/systemworkbench/plugins/fr.ac6.mcu.externaltools.arm-none.win32_1.15.0.201708311556/tools/compiler/bin/../lib/gcc/arm-none-eabi/6.3.1/../../../../arm-none-eabi/lib/thumb/v7-m\libc.a(lib_a-__call_atexit.o) (atexit)
c:/ac6/systemworkbench/plugins/fr.ac6.mcu.externaltools.arm-none.win32_1.15.0.201708311556/tools/compiler/bin/../lib/gcc/arm-none-eabi/6.3.1/../../../../arm-none-eabi/lib/thumb/v7-m\libc.a(lib_a-fini.o)
                              c:/ac6/systemworkbench/plugins/fr.ac6.mcu.externaltools.arm-none.win32_1.15.0.201708311556/tools/compiler/bin/../lib/gcc/arm-none-eabi/6.3.1/../../../../arm-none-eabi/lib/thumb/v7-m\libc.a(lib_a-__call_atexit.o) (__libc_fini_array)
c:/ac6/systemworkbench/plugins/fr.ac6.mcu.externaltools.arm-none.win32_1.15.0.201708311556/tools/compiler/bin/../lib/gcc/arm-none-eabi/6.3.1/../../../../arm-none-eabi/lib/thumb/v7-m\libc.a(lib_a-lock.o)
                              c:/ac6/systemworkbench/plugins/fr.ac6.mcu.externaltools.arm-none.win32_1.15.0.201708311556/tools/compiler/bin/../lib/gcc/arm-none-eabi/6.3.1/../../../../arm-none-eabi/lib/thumb/v7-m\libc.a(lib_a-__call_atexit.o) (__retarget_lock_acquire_recursive)
c:/ac6/systemworkbench/plugins/fr.ac6.mcu.externaltools.arm-none.win32_1.15.0.201708311556/tools/compiler/bin/../lib/gcc/arm-none-eabi/6.3.1/../../../../arm-none-eabi/lib/thumb/v7-m\libc.a(lib_a-__atexit.o)
                              c:/ac6/systemworkbench/plugins/fr.ac6.mcu.externaltools.arm-none.win32_1.15.0.201708311556/tools/compiler/bin/../lib/gcc/arm-none-eabi/6.3.1/../../../../arm-none-eabi/lib/thumb/v7-m\libc.a(lib_a-atexit.o) (__register_exitproc)

Allocating common symbols
Common symbol       size              file

__lock___atexit_recursive_mutex
                    0x1               c:/ac6/systemworkbench/plugins/fr.ac6.mcu.externaltools.arm-none.win32_1.15.0.201708311556/tools/compiler/bin/../lib/gcc/arm-none-eabi/6.3.1/../../../../arm-none-eabi/lib/thumb/v7-m\libc.a(lib_a-lock.o)
__lock___arc4random_mutex
[...]
Memory Configuration

Name             Origin             Length             Attributes
RAM              0x20000000         0x00005000         xrw
ROM              0x08000000         0x00010000         xr
*default*        0x00000000         0xffffffff

Linker script and memory map

LOAD c:/ac6/systemworkbench/plugins/fr.ac6.mcu.externaltools.arm-none.win32_1.15.0.201708311556/tools/compiler/bin/../lib/gcc/arm-none-eabi/6.3.1/thumb/v7-m/crti.o
LOAD c:/ac6/systemworkbench/plugins/fr.ac6.mcu.externaltools.arm-none.win32_1.15.0.201708311556/tools/compiler/bin/../lib/gcc/arm-none-eabi/6.3.1/thumb/v7-m/crtbegin.o
LOAD c:/ac6/systemworkbench/plugins/fr.ac6.mcu.externaltools.arm-none.win32_1.15.0.201708311556/tools/compiler/bin/../lib/gcc/arm-none-eabi/6.3.1/../../../../arm-none-eabi/lib/thumb/v7-m/crt0.o
LOAD CMSIS/core/core_cm3.o
LOAD StdPeriph_Driver/src/misc.o
LOAD StdPeriph_Driver/src/stm32f10x_adc.o
LOAD StdPeriph_Driver/src/stm32f10x_bkp.o
LOAD StdPeriph_Driver/src/stm32f10x_can.o
LOAD StdPeriph_Driver/src/stm32f10x_cec.o
LOAD StdPeriph_Driver/src/stm32f10x_crc.o
LOAD StdPeriph_Driver/src/stm32f10x_dac.o
LOAD StdPeriph_Driver/src/stm32f10x_dbgmcu.o
LOAD StdPeriph_Driver/src/stm32f10x_dma.o
LOAD StdPeriph_Driver/src/stm32f10x_exti.o
LOAD StdPeriph_Driver/src/stm32f10x_flash.o
LOAD StdPeriph_Driver/src/stm32f10x_fsmc.o
LOAD StdPeriph_Driver/src/stm32f10x_gpio.o
LOAD StdPeriph_Driver/src/stm32f10x_i2c.o
LOAD StdPeriph_Driver/src/stm32f10x_iwdg.o
LOAD StdPeriph_Driver/src/stm32f10x_pwr.o
LOAD StdPeriph_Driver/src/stm32f10x_rcc.o
LOAD StdPeriph_Driver/src/stm32f10x_rtc.o
LOAD StdPeriph_Driver/src/stm32f10x_sdio.o
LOAD StdPeriph_Driver/src/stm32f10x_spi.o
LOAD StdPeriph_Driver/src/stm32f10x_tim.o
LOAD StdPeriph_Driver/src/stm32f10x_usart.o
LOAD StdPeriph_Driver/src/stm32f10x_wwdg.o
LOAD src/IRDrv.o
LOAD src/MotorControl.o
LOAD src/MotorDriver.o
LOAD src/MotorDriverMX1508.o
LOAD src/exti.o
LOAD src/gpio.o
LOAD src/main.o
LOAD src/syscalls.o
LOAD src/system_stm32f10x.o
LOAD src/timers.o
LOAD startup/startup_stm32.o
LOAD c:/ac6/systemworkbench/plugins/fr.ac6.mcu.externaltools.arm-none.win32_1.15.0.201708311556/tools/compiler/bin/../lib/gcc/arm-none-eabi/6.3.1/../../../../arm-none-eabi/lib/thumb/v7-m\libm.a
START GROUP
LOAD c:/ac6/systemworkbench/plugins/fr.ac6.mcu.externaltools.arm-none.win32_1.15.0.201708311556/tools/compiler/bin/../lib/gcc/arm-none-eabi/6.3.1/thumb/v7-m\libgcc.a
LOAD c:/ac6/systemworkbench/plugins/fr.ac6.mcu.externaltools.arm-none.win32_1.15.0.201708311556/tools/compiler/bin/../lib/gcc/arm-none-eabi/6.3.1/../../../../arm-none-eabi/lib/thumb/v7-m\libc.a
END GROUP
LOAD c:/ac6/systemworkbench/plugins/fr.ac6.mcu.externaltools.arm-none.win32_1.15.0.201708311556/tools/compiler/bin/../lib/gcc/arm-none-eabi/6.3.1/thumb/v7-m/crtend.o
LOAD c:/ac6/systemworkbench/plugins/fr.ac6.mcu.externaltools.arm-none.win32_1.15.0.201708311556/tools/compiler/bin/../lib/gcc/arm-none-eabi/6.3.1/thumb/v7-m/crtn.o
                0x20005000                _estack = 0x20005000
                0x00000000                _Min_Heap_Size = 0x0
                0x00000400                _Min_Stack_Size = 0x400

.isr_vector     0x08000000      0x10c
                0x08000000                . = ALIGN (0x4)
 *(.isr_vector)
 .isr_vector    0x08000000      0x10c startup/startup_stm32.o
                0x08000000                g_pfnVectors
                0x0800010c                . = ALIGN (0x4)

.text           0x0800010c      0xc64
                0x0800010c                . = ALIGN (0x4)
 *(.text)
 .text          0x0800010c       0x6c c:/ac6/systemworkbench/plugins/fr.ac6.mcu.externaltools.arm-none.win32_1.15.0.201708311556/tools/compiler/bin/../lib/gcc/arm-none-eabi/6.3.1/thumb/v7-m/crtbegin.o
 *(.text*)
 .text.NVIC_Init
                0x08000178       0xc4 StdPeriph_Driver/src/misc.o
                0x08000178                NVIC_Init
 .text.EXTI_Init
                0x0800023c       0xe4 StdPeriph_Driver/src/stm32f10x_exti.o
                0x0800023c                EXTI_Init
 .text.EXTI_StructInit
                0x08000320       0x2a StdPeriph_Driver/src/stm32f10x_exti.o
                0x08000320                EXTI_StructInit
 *fill*         0x0800034a        0x2 
 .text.EXTI_GetITStatus
                0x0800034c       0x48 StdPeriph_Driver/src/stm32f10x_exti.o
                0x0800034c                EXTI_GetITStatus
 .text.EXTI_ClearITPendingBit
                0x08000394       0x1c StdPeriph_Driver/src/stm32f10x_exti.o
                0x08000394                EXTI_ClearITPendingBit
 .text.GPIO_Init
                0x080003b0      0x178 StdPeriph_Driver/src/stm32f10x_gpio.o
                0x080003b0                GPIO_Init
 .text.GPIO_StructInit
                0x08000528       0x26 StdPeriph_Driver/src/stm32f10x_gpio.o
                0x08000528                GPIO_StructInit
 .text.GPIO_ReadInputData
                0x0800054e       0x18 StdPeriph_Driver/src/stm32f10x_gpio.o
                0x0800054e                GPIO_ReadInputData
 .text.GPIO_SetBits
                0x08000566       0x1c StdPeriph_Driver/src/stm32f10x_gpio.o
                0x08000566                GPIO_SetBits
 .text.GPIO_ResetBits
                0x08000582       0x1c StdPeriph_Driver/src/stm32f10x_gpio.o
                0x08000582                GPIO_ResetBits
 *fill*         0x0800059e        0x2 
 .text.GPIO_EXTILineConfig
                0x080005a0       0x84 StdPeriph_Driver/src/stm32f10x_gpio.o
                0x080005a0                GPIO_EXTILineConfig
 .text.__WFI    0x08000624        0xe StdPeriph_Driver/src/stm32f10x_pwr.o
 .text.__WFE    0x08000632        0xe StdPeriph_Driver/src/stm32f10x_pwr.o
 .text.PWR_WakeUpPinCmd
                0x08000640       0x20 StdPeriph_Driver/src/stm32f10x_pwr.o
                0x08000640                PWR_WakeUpPinCmd
 .text.PWR_EnterSTOPMode
                0x08000660       0x64 StdPeriph_Driver/src/stm32f10x_pwr.o
                0x08000660                PWR_EnterSTOPMode
 .text.RCC_APB2PeriphClockCmd
                0x080006c4       0x3c StdPeriph_Driver/src/stm32f10x_rcc.o
                0x080006c4                RCC_APB2PeriphClockCmd
 .text.TIM_GetITStatus
                0x08000700       0x52 StdPeriph_Driver/src/stm32f10x_tim.o
                0x08000700                TIM_GetITStatus
 .text.TIM_ClearITPendingBit
                0x08000752       0x20 StdPeriph_Driver/src/stm32f10x_tim.o
                0x08000752                TIM_ClearITPendingBit
 *fill*         0x08000772        0x2 
 .text.NVIC_EnableIRQ
                0x08000774       0x30 src/gpio.o
 .text.GPIO_init
                0x080007a4      0x12c src/gpio.o
                0x080007a4                GPIO_init
 .text.Gpio_OutputTest
                0x080008d0       0x44 src/gpio.o
                0x080008d0                Gpio_OutputTest
 .text.main     0x08000914       0x40 src/main.o
                0x08000914                main
 .text.EXTI1_IRQHandler
                0x08000954       0x44 src/main.o
                0x08000954                EXTI1_IRQHandler
 .text.EXTI0_IRQHandler
                0x08000998       0x44 src/main.o
                0x08000998                EXTI0_IRQHandler
 .text.TIM2_IRQHandler
                0x080009dc       0x4c src/main.o
                0x080009dc                TIM2_IRQHandler
 .text.SystemInit
                0x08000a28       0x68 src/system_stm32f10x.o
                0x08000a28                SystemInit
 .text.SetSysClock
                0x08000a90        0xc src/system_stm32f10x.o
 .text.SetSysClockTo72
                0x08000a9c      0x100 src/system_stm32f10x.o
 .text.Reset_Handler
                0x08000b9c       0x48 startup/startup_stm32.o
                0x08000b9c                Reset_Handler
 .text.Default_Handler
                0x08000be4        0x2 startup/startup_stm32.o
                0x08000be4                EXTI2_IRQHandler
                0x08000be4                DebugMon_Handler
                0x08000be4                TIM1_CC_IRQHandler
                0x08000be4                HardFault_Handler
                0x08000be4                SysTick_Handler
                0x08000be4                PVD_IRQHandler
                0x08000be4                PendSV_Handler
                0x08000be4                NMI_Handler
                0x08000be4                EXTI3_IRQHandler
                0x08000be4                I2C2_EV_IRQHandler
                0x08000be4                UsageFault_Handler
                0x08000be4                ADC1_2_IRQHandler
                0x08000be4                SPI1_IRQHandler
                0x08000be4                TAMPER_IRQHandler
                0x08000be4                DMA1_Channel4_IRQHandler
                0x08000be4                USART3_IRQHandler
                0x08000be4                RTC_IRQHandler
                0x08000be4                DMA1_Channel7_IRQHandler
                0x08000be4                CAN1_RX1_IRQHandler
                0x08000be4                TIM4_IRQHandler
                0x08000be4                I2C1_EV_IRQHandler
                0x08000be4                DMA1_Channel6_IRQHandler
                0x08000be4                TIM3_IRQHandler
                0x08000be4                RCC_IRQHandler
                0x08000be4                TIM1_TRG_COM_IRQHandler
                0x08000be4                DMA1_Channel1_IRQHandler
                0x08000be4                Default_Handler
                0x08000be4                EXTI15_10_IRQHandler
                0x08000be4                EXTI9_5_IRQHandler
                0x08000be4                SPI2_IRQHandler
                0x08000be4                MemManage_Handler
                0x08000be4                SVC_Handler
                0x08000be4                DMA1_Channel5_IRQHandler
                0x08000be4                EXTI4_IRQHandler
                0x08000be4                USB_LP_CAN1_RX0_IRQHandler
                0x08000be4                USB_HP_CAN1_TX_IRQHandler
                0x08000be4                DMA1_Channel3_IRQHandler
                0x08000be4                TIM1_UP_IRQHandler
                0x08000be4                WWDG_IRQHandler
                0x08000be4                TIM1_BRK_IRQHandler
                0x08000be4                RTCAlarm_IRQHandler
                0x08000be4                USART2_IRQHandler
                0x08000be4                I2C2_ER_IRQHandler
                0x08000be4                DMA1_Channel2_IRQHandler
                0x08000be4                CAN1_SCE_IRQHandler
                0x08000be4                FLASH_IRQHandler
                0x08000be4                BusFault_Handler
                0x08000be4                USART1_IRQHandler
                0x08000be4                I2C1_ER_IRQHandler
                0x08000be4                USBWakeUp_IRQHandler
 *fill*         0x08000be6        0x2 
 .text.__libc_init_array
                0x08000be8       0x50 c:/ac6/systemworkbench/plugins/fr.ac6.mcu.externaltools.arm-none.win32_1.15.0.201708311556/tools/compiler/bin/../lib/gcc/arm-none-eabi/6.3.1/../../../../arm-none-eabi/lib/thumb/v7-m\libc.a(lib_a-init.o)
                0x08000be8                __libc_init_array
 .text.startup.register_fini
                0x08000c38       0x14 c:/ac6/systemworkbench/plugins/fr.ac6.mcu.externaltools.arm-none.win32_1.15.0.201708311556/tools/compiler/bin/../lib/gcc/arm-none-eabi/6.3.1/../../../../arm-none-eabi/lib/thumb/v7-m\libc.a(lib_a-__call_atexit.o)
 .text.atexit   0x08000c4c        0xc c:/ac6/systemworkbench/plugins/fr.ac6.mcu.externaltools.arm-none.win32_1.15.0.201708311556/tools/compiler/bin/../lib/gcc/arm-none-eabi/6.3.1/../../../../arm-none-eabi/lib/thumb/v7-m\libc.a(lib_a-atexit.o)
                0x08000c4c                atexit
 .text.__libc_fini_array
                0x08000c58       0x34 c:/ac6/systemworkbench/plugins/fr.ac6.mcu.externaltools.arm-none.win32_1.15.0.201708311556/tools/compiler/bin/../lib/gcc/arm-none-eabi/6.3.1/../../../../arm-none-eabi/lib/thumb/v7-m\libc.a(lib_a-fini.o)
                0x08000c58                __libc_fini_array
 .text.__retarget_lock_acquire_recursive
                0x08000c8c        0x4 c:/ac6/systemworkbench/plugins/fr.ac6.mcu.externaltools.arm-none.win32_1.15.0.201708311556/tools/compiler/bin/../lib/gcc/arm-none-eabi/6.3.1/../../../../arm-none-eabi/lib/thumb/v7-m\libc.a(lib_a-lock.o)
                0x08000c8c                __retarget_lock_acquire_recursive
 .text.__retarget_lock_release_recursive
                0x08000c90        0x4 c:/ac6/systemworkbench/plugins/fr.ac6.mcu.externaltools.arm-none.win32_1.15.0.201708311556/tools/compiler/bin/../lib/gcc/arm-none-eabi/6.3.1/../../../../arm-none-eabi/lib/thumb/v7-m\libc.a(lib_a-lock.o)
                0x08000c90                __retarget_lock_release_recursive
 .text.__register_exitproc
                0x08000c94       0xc4 c:/ac6/systemworkbench/plugins/fr.ac6.mcu.externaltools.arm-none.win32_1.15.0.201708311556/tools/compiler/bin/../lib/gcc/arm-none-eabi/6.3.1/../../../../arm-none-eabi/lib/thumb/v7-m\libc.a(lib_a-__atexit.o)
                0x08000c94                __register_exitproc
 *(.glue_7)
 .glue_7        0x08000d58        0x0 linker stubs
 *(.glue_7t)
 .glue_7t       0x08000d58        0x0 linker stubs
 *(.eh_frame)
 .eh_frame      0x08000d58        0x0 c:/ac6/systemworkbench/plugins/fr.ac6.mcu.externaltools.arm-none.win32_1.15.0.201708311556/tools/compiler/bin/../lib/gcc/arm-none-eabi/6.3.1/thumb/v7-m/crtbegin.o
 *(.init)
 .init          0x08000d58        0x4 c:/ac6/systemworkbench/plugins/fr.ac6.mcu.externaltools.arm-none.win32_1.15.0.201708311556/tools/compiler/bin/../lib/gcc/arm-none-eabi/6.3.1/thumb/v7-m/crti.o
                0x08000d58                _init
 .init          0x08000d5c        0x8 c:/ac6/systemworkbench/plugins/fr.ac6.mcu.externaltools.arm-none.win32_1.15.0.201708311556/tools/compiler/bin/../lib/gcc/arm-none-eabi/6.3.1/thumb/v7-m/crtn.o
 *(.fini)
 .fini          0x08000d64        0x4 c:/ac6/systemworkbench/plugins/fr.ac6.mcu.externaltools.arm-none.win32_1.15.0.201708311556/tools/compiler/bin/../lib/gcc/arm-none-eabi/6.3.1/thumb/v7-m/crti.o
                0x08000d64                _fini
 .fini          0x08000d68        0x8 c:/ac6/systemworkbench/plugins/fr.ac6.mcu.externaltools.arm-none.win32_1.15.0.201708311556/tools/compiler/bin/../lib/gcc/arm-none-eabi/6.3.1/thumb/v7-m/crtn.o
                0x08000d70                . = ALIGN (0x4)
                0x08000d70                _etext = .

.vfp11_veneer   0x08000d70        0x0
 .vfp11_veneer  0x08000d70        0x0 linker stubs

.v4_bx          0x08000d70        0x0
 .v4_bx         0x08000d70        0x0 linker stubs

.iplt           0x08000d70        0x0
 .iplt          0x08000d70        0x0 c:/ac6/systemworkbench/plugins/fr.ac6.mcu.externaltools.arm-none.win32_1.15.0.201708311556/tools/compiler/bin/../lib/gcc/arm-none-eabi/6.3.1/thumb/v7-m/crtbegin.o

.rodata         0x08000d70        0x4
                0x08000d70                . = ALIGN (0x4)
 *(.rodata)
 *(.rodata*)
 .rodata._global_impure_ptr
                0x08000d70        0x4 c:/ac6/systemworkbench/plugins/fr.ac6.mcu.externaltools.arm-none.win32_1.15.0.201708311556/tools/compiler/bin/../lib/gcc/arm-none-eabi/6.3.1/../../../../arm-none-eabi/lib/thumb/v7-m\libc.a(lib_a-impure.o)
                0x08000d70                _global_impure_ptr
                0x08000d74                . = ALIGN (0x4)

.rel.dyn        0x08000d74        0x0
 .rel.iplt      0x08000d74        0x0 c:/ac6/systemworkbench/plugins/fr.ac6.mcu.externaltools.arm-none.win32_1.15.0.201708311556/tools/compiler/bin/../lib/gcc/arm-none-eabi/6.3.1/thumb/v7-m/crtbegin.o

.ARM.extab      0x08000d74        0x0
                0x08000d74                . = ALIGN (0x4)
 *(.ARM.extab* .gnu.linkonce.armextab.*)
                0x08000d74                . = ALIGN (0x4)

.ARM            0x08000d74        0x0
                0x08000d74                . = ALIGN (0x4)
                0x08000d74                __exidx_start = .
 *(.ARM.exidx*)
                0x08000d74                __exidx_end = .
                0x08000d74                . = ALIGN (0x4)

.preinit_array  0x08000d74        0x0
                0x08000d74                . = ALIGN (0x4)
                0x08000d74                PROVIDE (__preinit_array_start, .)
 *(.preinit_array*)
                0x08000d74                PROVIDE (__preinit_array_end, .)
                0x08000d74                . = ALIGN (0x4)

.init_array     0x08000d74        0x8
                0x08000d74                . = ALIGN (0x4)
                0x08000d74                PROVIDE (__init_array_start, .)
 *(SORT(.init_array.*))
 .init_array.00000
                0x08000d74        0x4 c:/ac6/systemworkbench/plugins/fr.ac6.mcu.externaltools.arm-none.win32_1.15.0.201708311556/tools/compiler/bin/../lib/gcc/arm-none-eabi/6.3.1/../../../../arm-none-eabi/lib/thumb/v7-m\libc.a(lib_a-__call_atexit.o)
 *(.init_array*)
 .init_array    0x08000d78        0x4 c:/ac6/systemworkbench/plugins/fr.ac6.mcu.externaltools.arm-none.win32_1.15.0.201708311556/tools/compiler/bin/../lib/gcc/arm-none-eabi/6.3.1/thumb/v7-m/crtbegin.o
                0x08000d7c                PROVIDE (__init_array_end, .)
                0x08000d7c                . = ALIGN (0x4)

.fini_array     0x08000d7c        0x4
                0x08000d7c                . = ALIGN (0x4)
                0x08000d7c                PROVIDE (__fini_array_start, .)
 *(SORT(.fini_array.*))
 *(.fini_array*)
 .fini_array    0x08000d7c        0x4 c:/ac6/systemworkbench/plugins/fr.ac6.mcu.externaltools.arm-none.win32_1.15.0.201708311556/tools/compiler/bin/../lib/gcc/arm-none-eabi/6.3.1/thumb/v7-m/crtbegin.o
                0x08000d80                PROVIDE (__fini_array_end, .)
                0x08000d80                . = ALIGN (0x4)
                0x08000d80                _sidata = LOADADDR (.data)

.data           0x20000000      0x42c load address 0x08000d80
                0x20000000                . = ALIGN (0x4)
                0x20000000                _sdata = .
 *(.data)
 *(.data*)
 .data.impure_data
                0x20000000      0x428 c:/ac6/systemworkbench/plugins/fr.ac6.mcu.externaltools.arm-none.win32_1.15.0.201708311556/tools/compiler/bin/../lib/gcc/arm-none-eabi/6.3.1/../../../../arm-none-eabi/lib/thumb/v7-m\libc.a(lib_a-impure.o)
 .data.__atexit_recursive_mutex
                0x20000428        0x4 c:/ac6/systemworkbench/plugins/fr.ac6.mcu.externaltools.arm-none.win32_1.15.0.201708311556/tools/compiler/bin/../lib/gcc/arm-none-eabi/6.3.1/../../../../arm-none-eabi/lib/thumb/v7-m\libc.a(lib_a-__call_atexit.o)
                0x20000428                __atexit_recursive_mutex
                0x2000042c                . = ALIGN (0x4)
                0x2000042c                _edata = .

.jcr            0x2000042c        0x0 load address 0x080011ac
 .jcr           0x2000042c        0x0 c:/ac6/systemworkbench/plugins/fr.ac6.mcu.externaltools.arm-none.win32_1.15.0.201708311556/tools/compiler/bin/../lib/gcc/arm-none-eabi/6.3.1/thumb/v7-m/crtbegin.o

.igot.plt       0x2000042c        0x0 load address 0x080011ac
 .igot.plt      0x2000042c        0x0 c:/ac6/systemworkbench/plugins/fr.ac6.mcu.externaltools.arm-none.win32_1.15.0.201708311556/tools/compiler/bin/../lib/gcc/arm-none-eabi/6.3.1/thumb/v7-m/crtbegin.o
                0x2000042c                . = ALIGN (0x4)

.bss            0x2000042c       0x40 load address 0x080011ac
                0x2000042c                _sbss = .
                0x2000042c                __bss_start__ = _sbss
 *(.bss)
 .bss           0x2000042c       0x1c c:/ac6/systemworkbench/plugins/fr.ac6.mcu.externaltools.arm-none.win32_1.15.0.201708311556/tools/compiler/bin/../lib/gcc/arm-none-eabi/6.3.1/thumb/v7-m/crtbegin.o
 *(.bss*)
 *(COMMON)
 COMMON         0x20000448       0x21 c:/ac6/systemworkbench/plugins/fr.ac6.mcu.externaltools.arm-none.win32_1.15.0.201708311556/tools/compiler/bin/../lib/gcc/arm-none-eabi/6.3.1/../../../../arm-none-eabi/lib/thumb/v7-m\libc.a(lib_a-lock.o)
                0x20000448                __lock___atexit_recursive_mutex
                0x2000044c                __lock___arc4random_mutex
                0x20000450                __lock___env_recursive_mutex
                0x20000454                __lock___sinit_recursive_mutex
                0x20000458                __lock___malloc_recursive_mutex
                0x2000045c                __lock___at_quick_exit_mutex
                0x20000460                __lock___dd_hash_mutex
                0x20000464                __lock___tz_mutex
                0x20000468                __lock___sfp_recursive_mutex
                0x2000046c                . = ALIGN (0x4)
 *fill*         0x20000469        0x3 
                0x2000046c                _ebss = .
                0x2000046c                __bss_end__ = _ebss

._user_heap_stack
                0x2000046c      0x404 load address 0x080011ac
                0x20000470                . = ALIGN (0x8)
 *fill*         0x2000046c        0x4 
                0x20000470                PROVIDE (end, .)
                [!provide]                PROVIDE (_end, .)
                0x20000470                . = (. + _Min_Heap_Size)
                0x20000870                . = (. + _Min_Stack_Size)
 *fill*         0x20000470      0x400 
                0x20000870                . = ALIGN (0x8)

/DISCARD/
 libc.a(*)
 libm.a(*)
 libgcc.a(*)

.ARM.attributes
                0x00000000       0x29
 *(.ARM.attributes)
 .ARM.attributes
                0x00000000       0x1d c:/ac6/systemworkbench/plugins/fr.ac6.mcu.externaltools.arm-none.win32_1.15.0.201708311556/tools/compiler/bin/../lib/gcc/arm-none-eabi/6.3.1/thumb/v7-m/crti.o
 .ARM.attributes
                0x0000001d       0x2d c:/ac6/systemworkbench/plugins/fr.ac6.mcu.externaltools.arm-none.win32_1.15.0.201708311556/tools/compiler/bin/../lib/gcc/arm-none-eabi/6.3.1/thumb/v7-m/crtbegin.o
 .ARM.attributes
                0x0000004a       0x33 StdPeriph_Driver/src/misc.o
 .ARM.attributes
                0x0000007d       0x33 StdPeriph_Driver/src/stm32f10x_exti.o
 .ARM.attributes
                0x000000b0       0x33 StdPeriph_Driver/src/stm32f10x_gpio.o
 .ARM.attributes
                0x000000e3       0x33 StdPeriph_Driver/src/stm32f10x_pwr.o
 .ARM.attributes
                0x00000116       0x33 StdPeriph_Driver/src/stm32f10x_rcc.o
 .ARM.attributes
                0x00000149       0x33 StdPeriph_Driver/src/stm32f10x_tim.o
 .ARM.attributes
                0x0000017c       0x33 src/gpio.o
 .ARM.attributes
                0x000001af       0x33 src/main.o
 .ARM.attributes
                0x000001e2       0x33 src/system_stm32f10x.o
 .ARM.attributes
                0x00000215       0x21 startup/startup_stm32.o
 .ARM.attributes
                0x00000236       0x2d c:/ac6/systemworkbench/plugins/fr.ac6.mcu.externaltools.arm-none.win32_1.15.0.201708311556/tools/compiler/bin/../lib/gcc/arm-none-eabi/6.3.1/../../../../arm-none-eabi/lib/thumb/v7-m\libc.a(lib_a-impure.o)
 .ARM.attributes
                0x00000263       0x2d c:/ac6/systemworkbench/plugins/fr.ac6.mcu.externaltools.arm-none.win32_1.15.0.201708311556/tools/compiler/bin/../lib/gcc/arm-none-eabi/6.3.1/../../../../arm-none-eabi/lib/thumb/v7-m\libc.a(lib_a-init.o)
 .ARM.attributes
                0x00000290       0x2d c:/ac6/systemworkbench/plugins/fr.ac6.mcu.externaltools.arm-none.win32_1.15.0.201708311556/tools/compiler/bin/../lib/gcc/arm-none-eabi/6.3.1/../../../../arm-none-eabi/lib/thumb/v7-m\libc.a(lib_a-__call_atexit.o)
 .ARM.attributes
                0x000002bd       0x2d c:/ac6/systemworkbench/plugins/fr.ac6.mcu.externaltools.arm-none.win32_1.15.0.201708311556/tools/compiler/bin/../lib/gcc/arm-none-eabi/6.3.1/../../../../arm-none-eabi/lib/thumb/v7-m\libc.a(lib_a-atexit.o)
 .ARM.attributes
                0x000002ea       0x2d c:/ac6/systemworkbench/plugins/fr.ac6.mcu.externaltools.arm-none.win32_1.15.0.201708311556/tools/compiler/bin/../lib/gcc/arm-none-eabi/6.3.1/../../../../arm-none-eabi/lib/thumb/v7-m\libc.a(lib_a-fini.o)
 .ARM.attributes
                0x00000317       0x2d c:/ac6/systemworkbench/plugins/fr.ac6.mcu.externaltools.arm-none.win32_1.15.0.201708311556/tools/compiler/bin/../lib/gcc/arm-none-eabi/6.3.1/../../../../arm-none-eabi/lib/thumb/v7-m\libc.a(lib_a-lock.o)
 .ARM.attributes
                0x00000344       0x2d c:/ac6/systemworkbench/plugins/fr.ac6.mcu.externaltools.arm-none.win32_1.15.0.201708311556/tools/compiler/bin/../lib/gcc/arm-none-eabi/6.3.1/../../../../arm-none-eabi/lib/thumb/v7-m\libc.a(lib_a-__atexit.o)
 .ARM.attributes
                0x00000371       0x1d c:/ac6/systemworkbench/plugins/fr.ac6.mcu.externaltools.arm-none.win32_1.15.0.201708311556/tools/compiler/bin/../lib/gcc/arm-none-eabi/6.3.1/thumb/v7-m/crtn.o
OUTPUT(RL_KOSTAL_2017.elf elf32-littlearm)

.debug_info     0x00000000     0x4711
 .debug_info    0x00000000      0x4ed StdPeriph_Driver/src/misc.o
 .debug_info    0x000004ed      0x34e StdPeriph_Driver/src/stm32f10x_exti.o
 .debug_info    0x0000083b      0x6ef StdPeriph_Driver/src/stm32f10x_gpio.o
 .debug_info    0x00000f2a      0x43d StdPeriph_Driver/src/stm32f10x_pwr.o
 .debug_info    0x00001367      0x8a0 StdPeriph_Driver/src/stm32f10x_rcc.o
 .debug_info    0x00001c07     0x1c59 StdPeriph_Driver/src/stm32f10x_tim.o
 .debug_info    0x00003860      0x5eb src/gpio.o
 .debug_info    0x00003e4b      0x3e9 src/main.o
 .debug_info    0x00004234      0x456 src/system_stm32f10x.o
 .debug_info    0x0000468a       0x87 startup/startup_stm32.o

.debug_abbrev   0x00000000      0xe79
 .debug_abbrev  0x00000000      0x184 StdPeriph_Driver/src/misc.o
 .debug_abbrev  0x00000184      0x16b StdPeriph_Driver/src/stm32f10x_exti.o
 .debug_abbrev  0x000002ef      0x1e0 StdPeriph_Driver/src/stm32f10x_gpio.o
 .debug_abbrev  0x000004cf      0x1c3 StdPeriph_Driver/src/stm32f10x_pwr.o
 .debug_abbrev  0x00000692      0x1d2 StdPeriph_Driver/src/stm32f10x_rcc.o
 .debug_abbrev  0x00000864      0x1c6 StdPeriph_Driver/src/stm32f10x_tim.o
 .debug_abbrev  0x00000a2a      0x1b3 src/gpio.o
 .debug_abbrev  0x00000bdd       0xee src/main.o
 .debug_abbrev  0x00000ccb      0x19c src/system_stm32f10x.o
 .debug_abbrev  0x00000e67       0x12 startup/startup_stm32.o

.debug_aranges  0x00000000      0x680
 .debug_aranges
                0x00000000       0x40 StdPeriph_Driver/src/misc.o
 .debug_aranges
                0x00000040       0x58 StdPeriph_Driver/src/stm32f10x_exti.o
 .debug_aranges
                0x00000098       0xa8 StdPeriph_Driver/src/stm32f10x_gpio.o
 .debug_aranges
                0x00000140       0x70 StdPeriph_Driver/src/stm32f10x_pwr.o
 .debug_aranges
                0x000001b0      0x118 StdPeriph_Driver/src/stm32f10x_rcc.o
 .debug_aranges
                0x000002c8      0x2f0 StdPeriph_Driver/src/stm32f10x_tim.o
 .debug_aranges
                0x000005b8       0x30 src/gpio.o
 .debug_aranges
                0x000005e8       0x38 src/main.o
 .debug_aranges
                0x00000620       0x38 src/system_stm32f10x.o
 .debug_aranges
                0x00000658       0x28 startup/startup_stm32.o

.debug_ranges   0x00000000      0x5e8
 .debug_ranges  0x00000000       0x30 StdPeriph_Driver/src/misc.o
 .debug_ranges  0x00000030       0x48 StdPeriph_Driver/src/stm32f10x_exti.o
 .debug_ranges  0x00000078       0x98 StdPeriph_Driver/src/stm32f10x_gpio.o
 .debug_ranges  0x00000110       0x60 StdPeriph_Driver/src/stm32f10x_pwr.o
 .debug_ranges  0x00000170      0x108 StdPeriph_Driver/src/stm32f10x_rcc.o
 .debug_ranges  0x00000278      0x2e0 StdPeriph_Driver/src/stm32f10x_tim.o
 .debug_ranges  0x00000558       0x20 src/gpio.o
 .debug_ranges  0x00000578       0x28 src/main.o
 .debug_ranges  0x000005a0       0x28 src/system_stm32f10x.o
 .debug_ranges  0x000005c8       0x20 startup/startup_stm32.o

.debug_macro    0x00000000     0xd212
 .debug_macro   0x00000000      0x18b StdPeriph_Driver/src/misc.o
 .debug_macro   0x0000018b       0x56 StdPeriph_Driver/src/misc.o
 .debug_macro   0x000001e1       0x22 StdPeriph_Driver/src/misc.o
 .debug_macro   0x00000203      0x69f StdPeriph_Driver/src/misc.o
 .debug_macro   0x000008a2     0x7dbe StdPeriph_Driver/src/misc.o
 .debug_macro   0x00008660      0x2df StdPeriph_Driver/src/misc.o
 .debug_macro   0x0000893f      0x144 StdPeriph_Driver/src/misc.o
 .debug_macro   0x00008a83      0x3cf StdPeriph_Driver/src/misc.o
 .debug_macro   0x00008e52       0xc8 StdPeriph_Driver/src/misc.o
 .debug_macro   0x00008f1a      0x17a StdPeriph_Driver/src/misc.o
 .debug_macro   0x00009094       0xac StdPeriph_Driver/src/misc.o
 .debug_macro   0x00009140      0x3ad StdPeriph_Driver/src/misc.o
 .debug_macro   0x000094ed       0x9a StdPeriph_Driver/src/misc.o
 .debug_macro   0x00009587      0x2cf StdPeriph_Driver/src/misc.o
 .debug_macro   0x00009856      0x279 StdPeriph_Driver/src/misc.o
 .debug_macro   0x00009acf      0x2ac StdPeriph_Driver/src/misc.o
 .debug_macro   0x00009d7b      0x2b1 StdPeriph_Driver/src/misc.o
 .debug_macro   0x0000a02c       0x64 StdPeriph_Driver/src/misc.o
 .debug_macro   0x0000a090       0x82 StdPeriph_Driver/src/misc.o
 .debug_macro   0x0000a112      0x3e2 StdPeriph_Driver/src/misc.o
 .debug_macro   0x0000a4f4       0x58 StdPeriph_Driver/src/misc.o
 .debug_macro   0x0000a54c      0x341 StdPeriph_Driver/src/misc.o
 .debug_macro   0x0000a88d      0x2c4 StdPeriph_Driver/src/misc.o
 .debug_macro   0x0000ab51      0x711 StdPeriph_Driver/src/misc.o
 .debug_macro   0x0000b262      0x220 StdPeriph_Driver/src/misc.o
 .debug_macro   0x0000b482       0x34 StdPeriph_Driver/src/misc.o
 .debug_macro   0x0000b4b6       0x35 StdPeriph_Driver/src/misc.o
 .debug_macro   0x0000b4eb       0x85 StdPeriph_Driver/src/misc.o
 .debug_macro   0x0000b570      0x18b StdPeriph_Driver/src/stm32f10x_exti.o
 .debug_macro   0x0000b6fb       0x94 StdPeriph_Driver/src/stm32f10x_exti.o
 .debug_macro   0x0000b78f      0x1d7 StdPeriph_Driver/src/stm32f10x_gpio.o
 .debug_macro   0x0000b966      0x2a6 StdPeriph_Driver/src/stm32f10x_gpio.o
 .debug_macro   0x0000bc0c      0x1cb StdPeriph_Driver/src/stm32f10x_pwr.o
 .debug_macro   0x0000bdd7       0x7c StdPeriph_Driver/src/stm32f10x_pwr.o
 .debug_macro   0x0000be53      0x2a1 StdPeriph_Driver/src/stm32f10x_rcc.o
 .debug_macro   0x0000c0f4      0x3dc StdPeriph_Driver/src/stm32f10x_rcc.o
 .debug_macro   0x0000c4d0      0x1a1 StdPeriph_Driver/src/stm32f10x_tim.o
 .debug_macro   0x0000c671      0x70b StdPeriph_Driver/src/stm32f10x_tim.o
 .debug_macro   0x0000cd7c      0x17f src/gpio.o
 .debug_macro   0x0000cefb      0x18f src/main.o
 .debug_macro   0x0000d08a      0x188 src/system_stm32f10x.o

.debug_line     0x00000000     0x468c
 .debug_line    0x00000000      0x626 StdPeriph_Driver/src/misc.o
 .debug_line    0x00000626      0x67f StdPeriph_Driver/src/stm32f10x_exti.o
 .debug_line    0x00000ca5      0x7a9 StdPeriph_Driver/src/stm32f10x_gpio.o
 .debug_line    0x0000144e      0x6a9 StdPeriph_Driver/src/stm32f10x_pwr.o
 .debug_line    0x00001af7      0x8a5 StdPeriph_Driver/src/stm32f10x_rcc.o
 .debug_line    0x0000239c      0xf2a StdPeriph_Driver/src/stm32f10x_tim.o
 .debug_line    0x000032c6      0x66f src/gpio.o
 .debug_line    0x00003935      0x680 src/main.o
 .debug_line    0x00003fb5      0x65e src/system_stm32f10x.o
 .debug_line    0x00004613       0x79 startup/startup_stm32.o

.debug_str      0x00000000    0x4f121
 .debug_str     0x00000000    0x4cb64 StdPeriph_Driver/src/misc.o
                              0x4ccd0 (size before relaxing)
 .debug_str     0x0004cb64      0x1e5 StdPeriph_Driver/src/stm32f10x_exti.o
                              0x4cc59 (size before relaxing)
 .debug_str     0x0004cd49      0x5b6 StdPeriph_Driver/src/stm32f10x_gpio.o
                              0x4d048 (size before relaxing)
 .debug_str     0x0004d2ff      0x2ba StdPeriph_Driver/src/stm32f10x_pwr.o
                              0x4cdb3 (size before relaxing)
 .debug_str     0x0004d5b9      0xb59 StdPeriph_Driver/src/stm32f10x_rcc.o
                              0x4d62e (size before relaxing)
 .debug_str     0x0004e112      0xc15 StdPeriph_Driver/src/stm32f10x_tim.o
                              0x4d74c (size before relaxing)
 .debug_str     0x0004ed27      0x30b src/gpio.o
                              0x4d06e (size before relaxing)
 .debug_str     0x0004f032       0x45 src/main.o
                              0x4cbe9 (size before relaxing)
 .debug_str     0x0004f077       0xaa src/system_stm32f10x.o
                              0x4cbdc (size before relaxing)

.comment        0x00000000       0x7f
 .comment       0x00000000       0x7f StdPeriph_Driver/src/misc.o
                                 0x80 (size before relaxing)
 .comment       0x0000007f       0x80 StdPeriph_Driver/src/stm32f10x_exti.o
 .comment       0x0000007f       0x80 StdPeriph_Driver/src/stm32f10x_gpio.o
 .comment       0x0000007f       0x80 StdPeriph_Driver/src/stm32f10x_pwr.o
 .comment       0x0000007f       0x80 StdPeriph_Driver/src/stm32f10x_rcc.o
 .comment       0x0000007f       0x80 StdPeriph_Driver/src/stm32f10x_tim.o
 .comment       0x0000007f       0x80 src/gpio.o
 .comment       0x0000007f       0x80 src/main.o
 .comment       0x0000007f       0x80 src/system_stm32f10x.o

.debug_frame    0x00000000     0x1d04
 .debug_frame   0x00000000       0xd8 StdPeriph_Driver/src/misc.o
 .debug_frame   0x000000d8      0x148 StdPeriph_Driver/src/stm32f10x_exti.o
 .debug_frame   0x00000220      0x2d0 StdPeriph_Driver/src/stm32f10x_gpio.o
 .debug_frame   0x000004f0      0x19c StdPeriph_Driver/src/stm32f10x_pwr.o
 .debug_frame   0x0000068c      0x4f4 StdPeriph_Driver/src/stm32f10x_rcc.o
 .debug_frame   0x00000b80      0xe2c StdPeriph_Driver/src/stm32f10x_tim.o
 .debug_frame   0x000019ac       0x80 src/gpio.o
 .debug_frame   0x00001a2c       0x80 src/main.o
 .debug_frame   0x00001aac       0x98 src/system_stm32f10x.o
 .debug_frame   0x00001b44       0x2c c:/ac6/systemworkbench/plugins/fr.ac6.mcu.externaltools.arm-none.win32_1.15.0.201708311556/tools/compiler/bin/../lib/gcc/arm-none-eabi/6.3.1/../../../../arm-none-eabi/lib/thumb/v7-m\libc.a(lib_a-init.o)
 .debug_frame   0x00001b70       0x5c c:/ac6/systemworkbench/plugins/fr.ac6.mcu.externaltools.arm-none.win32_1.15.0.201708311556/tools/compiler/bin/../lib/gcc/arm-none-eabi/6.3.1/../../../../arm-none-eabi/lib/thumb/v7-m\libc.a(lib_a-__call_atexit.o)
 .debug_frame   0x00001bcc       0x20 c:/ac6/systemworkbench/plugins/fr.ac6.mcu.externaltools.arm-none.win32_1.15.0.201708311556/tools/compiler/bin/../lib/gcc/arm-none-eabi/6.3.1/../../../../arm-none-eabi/lib/thumb/v7-m\libc.a(lib_a-atexit.o)
 .debug_frame   0x00001bec       0x34 c:/ac6/systemworkbench/plugins/fr.ac6.mcu.externaltools.arm-none.win32_1.15.0.201708311556/tools/compiler/bin/../lib/gcc/arm-none-eabi/6.3.1/../../../../arm-none-eabi/lib/thumb/v7-m\libc.a(lib_a-fini.o)
 .debug_frame   0x00001c20       0xb0 c:/ac6/systemworkbench/plugins/fr.ac6.mcu.externaltools.arm-none.win32_1.15.0.201708311556/tools/compiler/bin/../lib/gcc/arm-none-eabi/6.3.1/../../../../arm-none-eabi/lib/thumb/v7-m\libc.a(lib_a-lock.o)
 .debug_frame   0x00001cd0       0x34 c:/ac6/systemworkbench/plugins/fr.ac6.mcu.externaltools.arm-none.win32_1.15.0.201708311556/tools/compiler/bin/../lib/gcc/arm-none-eabi/6.3.1/../../../../arm-none-eabi/lib/thumb/v7-m\libc.a(lib_a-__atexit.o)
